4) Создать файл “new.json”

theev@LAPTOP-B3UCB9I0 MINGW64 ~/Documents/dzqa/DZQA2.2/DZQA_2.2 (main)
$ touch new.json

5) Добавить файл под гит.

theev@LAPTOP-B3UCB9I0 MINGW64 ~/Documents/dzqa/DZQA2.2/DZQA_2.2 (main)
$ git add new.json

6) Закоммитить файл.

theev@LAPTOP-B3UCB9I0 MINGW64 ~/Documents/dzqa/DZQA2.2/DZQA_2.2 (main)
$ git commit -m "first commit"
[main a33384f] first commit
 1 file changed, 0 insertions(+), 0 deletions(-)
 create mode 100644 new.json

7) Отправить файл на внешний GitHub репозиторий.

theev@LAPTOP-B3UCB9I0 MINGW64 ~/Documents/dzqa/DZQA2.2/DZQA_2.2 (main)
$ git push
Enter passphrase for key '/c/Users/theev/.ssh/id_rsa':
Enumerating objects: 4, done.
Counting objects: 100% (4/4), done.
Delta compression using up to 8 threads
Compressing objects: 100% (2/2), done.
Writing objects: 100% (3/3), 273 bytes | 273.00 KiB/s, done.
Total 3 (delta 0), reused 0 (delta 0), pack-reused 0
To github.com:yevhen933/DZQA_2.2.git
   d56f0a6..a33384f  main -> main

8) Создать файлы new2.json, new2.xml, new2.txt

theev@LAPTOP-B3UCB9I0 MINGW64 ~/Documents/dzqa/DZQA2.2/DZQA_2.2 (main)
$ touch new2.json new2.xml new2.txt

9) Добавить файлы под гит.

theev@LAPTOP-B3UCB9I0 MINGW64 ~/Documents/dzqa/DZQA2.2/DZQA_2.2 (main)
$ git add -A

10) Закоммитить файлы.

theev@LAPTOP-B3UCB9I0 MINGW64 ~/Documents/dzqa/DZQA2.2/DZQA_2.2 (main)
$ git commit -m "add 3 files"
[main 42fca4e] add 3 files
 3 files changed, 0 insertions(+), 0 deletions(-)
 create mode 100644 new2.json
 create mode 100644 new2.txt
 create mode 100644 new2.xml

11) Отправить файлы на внешний GitHub репозиторий.

theev@LAPTOP-B3UCB9I0 MINGW64 ~/Documents/dzqa/DZQA2.2/DZQA_2.2 (main)
$ git push
Enter passphrase for key '/c/Users/theev/.ssh/id_rsa':
Enumerating objects: 3, done.
Counting objects: 100% (3/3), done.
Delta compression using up to 8 threads
Compressing objects: 100% (2/2), done.
Writing objects: 100% (2/2), 281 bytes | 281.00 KiB/s, done.
Total 2 (delta 0), reused 0 (delta 0), pack-reused 0
To github.com:yevhen933/DZQA_2.2.git
   a33384f..42fca4e  main -> main

12) Отредактировать содержание файла “new2.txt” - написать информацию о себе (ФИО, возраст, количество домашних животных, будущая желаемая зарплата).

theev@LAPTOP-B3UCB9I0 MINGW64 ~/Documents/dzqa/DZQA2.2/DZQA_2.2 (main)
$ vim new2.txt

13) Отредактировать содержание файла “new2.json” - написать информацию о себе (ФИО, возраст, количество домашних животных, будущая желаемая зарплата). Всё написать в формате JSON.

theev@LAPTOP-B3UCB9I0 MINGW64 ~/Documents/dzqa/DZQA2.2/DZQA_2.2 (main)
$ vim new2.json

14) Добавить и закоммитить “new2.txt” одной строчкой.
15) Добавить и закоммитить “new2.json” одной строчкой. 

theev@LAPTOP-B3UCB9I0 MINGW64 ~/Documents/dzqa/DZQA2.2/DZQA_2.2 (main)
$ git commit -am "add changes"
warning: LF will be replaced by CRLF in new2.json.
The file will have its original line endings in your working directory
warning: LF will be replaced by CRLF in new2.txt.
The file will have its original line endings in your working directory
[main ed56842] add changes new2.txt
 2 files changed, 10 insertions(+)

16) Отправить изменения на внешний репозиторий.

theev@LAPTOP-B3UCB9I0 MINGW64 ~/Documents/dzqa/DZQA2.2/DZQA_2.2 (main)
$ git push
Enter passphrase for key '/c/Users/theev/.ssh/id_rsa':
Enumerating objects: 7, done.
Counting objects: 100% (6/6), done.
Delta compression using up to 8 threads
Compressing objects: 100% (4/4), done.
Writing objects: 100% (4/4), 463 bytes | 463.00 KiB/s, done.
Total 4 (delta 0), reused 0 (delta 0), pack-reused 0
To github.com:yevhen933/DZQA_2.2.git
   42fca4e..ed56842  main -> main

17) Отредактировать содержание файла “new2.xml” - написать информацию о себе (ФИО, возраст, количество домашних животных, будущая желаемая зарплата). Всё написать в формате XML.

theev@LAPTOP-B3UCB9I0 MINGW64 ~/Documents/dzqa/DZQA2.2/DZQA_2.2 (main)
$ vim new2.xml

18) Добавить и закоммитить “new2.xml” одной строчкой.

theev@LAPTOP-B3UCB9I0 MINGW64 ~/Documents/dzqa/DZQA2.2/DZQA_2.2 (main)
$ git commit -am "add changes new2.xml"
warning: LF will be replaced by CRLF in new2.xml.
The file will have its original line endings in your working directory
[main fc0a31a] add changes new2.xml
 1 file changed, 4 insertions(+)

19) Отправить изменения на внешний репозиторий.

theev@LAPTOP-B3UCB9I0 MINGW64 ~/Documents/dzqa/DZQA2.2/DZQA_2.2 (main)
$ git push
Enter passphrase for key '/c/Users/theev/.ssh/id_rsa':
Enumerating objects: 5, done.
Counting objects: 100% (5/5), done.
Delta compression using up to 8 threads
Compressing objects: 100% (3/3), done.
Writing objects: 100% (3/3), 314 bytes | 314.00 KiB/s, done.
Total 3 (delta 1), reused 0 (delta 0), pack-reused 0
remote: Resolving deltas: 100% (1/1), completed with 1 local object.
To github.com:yevhen933/DZQA_2.2.git
   ed56842..fc0a31a  main -> main

20) Отправить предыдущее домашнее задание по GitBush Terminal на внешний репозиторий.

ОТПРАВИЛ РАНЕЕ

21) В веб интерфейсе GitHub создать файл new3.txt.

Добавил файл new3.txt в github следующим образом: add file - create new file - commit

22) Отредактировать в веб интерфейсе содержание файла “new3.txt” - написать информацию о своих предпочтениях (Любимый фильм, любимый сериал, любимая еда, любимое время года, сторона которую хотели бы посетить).
23) Сделать Commit changes (сохранить) изменения на веб интерфейсе.

Отредактировал файл new3.txt в github следующим образом: go to file - edit this file - commit

24) Синхронизировать внешний и локальный репозитории (слить изменения с внешнего репозитория) 

theev@LAPTOP-B3UCB9I0 MINGW64 ~/Documents/dzqa/DZQA2.2/DZQA_2.2 (main)
$ git pull
Enter passphrase for key '/c/Users/theev/.ssh/id_rsa':
remote: Enumerating objects: 7, done.
remote: Counting objects: 100% (7/7), done.
remote: Compressing objects: 100% (5/5), done.
remote: Total 6 (delta 2), reused 0 (delta 0), pack-reused 0
Unpacking objects: 100% (6/6), 1.31 KiB | 74.00 KiB/s, done.
From github.com:yevhen933/DZQA_2.2
   fc0a31a..414fcbd  main       -> origin/main
Updating fc0a31a..414fcbd
Fast-forward
 new3.txt | 5 +++++
 1 file changed, 5 insertions(+)
 create mode 100644 new3.txt

25) Отредактировать в веб интерфейсе содержание файла “new2.json” - добавить информацию о своих предпочтениях (Любимый фильм, любимый сериал, любимая еда, любимое время года, сторона которую хотели бы посетить). Всё в формате JSON.
26) Сделать Commit changes (сохранить) изменения на веб интерфейсе.

Отредактировал файл new2.json в github следующим образом: go to file - edit this file - commit

27) Синхронизировать внешний и локальный репозитории 

theev@LAPTOP-B3UCB9I0 MINGW64 ~/Documents/dzqa/DZQA2.2/DZQA_2.2 (main)
$ git pull
Enter passphrase for key '/c/Users/theev/.ssh/id_rsa':
remote: Enumerating objects: 5, done.
remote: Counting objects: 100% (5/5), done.
remote: Compressing objects: 100% (3/3), done.
remote: Total 3 (delta 1), reused 0 (delta 0), pack-reused 0
Unpacking objects: 100% (3/3), 780 bytes | 65.00 KiB/s, done.
From github.com:yevhen933/DZQA_2.2
   414fcbd..fb2f4d1  main       -> origin/main
Updating 414fcbd..fb2f4d1
Fast-forward
 new2.json | 7 ++++++-
 1 file changed, 6 insertions(+), 1 deletion(-)

28) Отредактировать в веб интерфейсе содержание файла “new2.xml” - добавить информацию о своих предпочтениях (Любимый фильм, любимый сериал, любимая еда, любимое время года, сторона которую хотели бы посетить). Всё в формате XML.
29) Сделать Commit changes (сохранить) изменения на веб интерфейсе.

Отредактировал файл new2.xml в github следующим образом: go to file - edit this file - commit

30) Синхронизировать внешний и локальный репозитории.

theev@LAPTOP-B3UCB9I0 MINGW64 ~/Documents/dzqa/DZQA2.2/DZQA_2.2 (main)
$ git pull
Enter passphrase for key '/c/Users/theev/.ssh/id_rsa':
remote: Enumerating objects: 5, done.
remote: Counting objects: 100% (5/5), done.
remote: Compressing objects: 100% (3/3), done.
remote: Total 3 (delta 1), reused 0 (delta 0), pack-reused 0
Unpacking objects: 100% (3/3), 774 bytes | 64.00 KiB/s, done.
From github.com:yevhen933/DZQA_2.2
   fb2f4d1..dd1f18d  main       -> origin/main
Updating fb2f4d1..dd1f18d
Fast-forward
 new2.xml | 5 +++++
 1 file changed, 5 insertions(+)


